Archive member included to satisfy reference by file (symbol)

/Applications/STM32CubeIDE.app/Contents/Eclipse/plugins/com.st.stm32cube.ide.mcu.externaltools.gnu-tools-for-stm32.9-2020-q2-update.macos64_2.0.0.202105311346/tools/bin/../lib/gcc/arm-none-eabi/9.3.1/../../../../arm-none-eabi/lib/thumb/v7-m/nofp/libc_nano.a(lib_a-errno.o)
                              ./Core/Src/syscalls.o (__errno)
/Applications/STM32CubeIDE.app/Contents/Eclipse/plugins/com.st.stm32cube.ide.mcu.externaltools.gnu-tools-for-stm32.9-2020-q2-update.macos64_2.0.0.202105311346/tools/bin/../lib/gcc/arm-none-eabi/9.3.1/../../../../arm-none-eabi/lib/thumb/v7-m/nofp/libc_nano.a(lib_a-exit.o)
                              /Applications/STM32CubeIDE.app/Contents/Eclipse/plugins/com.st.stm32cube.ide.mcu.externaltools.gnu-tools-for-stm32.9-2020-q2-update.macos64_2.0.0.202105311346/tools/bin/../lib/gcc/arm-none-eabi/9.3.1/../../../../arm-none-eabi/lib/thumb/v7-m/nofp/crt0.o (exit)
/Applications/STM32CubeIDE.app/Contents/Eclipse/plugins/com.st.stm32cube.ide.mcu.externaltools.gnu-tools-for-stm32.9-2020-q2-update.macos64_2.0.0.202105311346/tools/bin/../lib/gcc/arm-none-eabi/9.3.1/../../../../arm-none-eabi/lib/thumb/v7-m/nofp/libc_nano.a(lib_a-impure.o)
                              /Applications/STM32CubeIDE.app/Contents/Eclipse/plugins/com.st.stm32cube.ide.mcu.externaltools.gnu-tools-for-stm32.9-2020-q2-update.macos64_2.0.0.202105311346/tools/bin/../lib/gcc/arm-none-eabi/9.3.1/../../../../arm-none-eabi/lib/thumb/v7-m/nofp/libc_nano.a(lib_a-exit.o) (_global_impure_ptr)
/Applications/STM32CubeIDE.app/Contents/Eclipse/plugins/com.st.stm32cube.ide.mcu.externaltools.gnu-tools-for-stm32.9-2020-q2-update.macos64_2.0.0.202105311346/tools/bin/../lib/gcc/arm-none-eabi/9.3.1/../../../../arm-none-eabi/lib/thumb/v7-m/nofp/libc_nano.a(lib_a-init.o)
                              /Applications/STM32CubeIDE.app/Contents/Eclipse/plugins/com.st.stm32cube.ide.mcu.externaltools.gnu-tools-for-stm32.9-2020-q2-update.macos64_2.0.0.202105311346/tools/bin/../lib/gcc/arm-none-eabi/9.3.1/../../../../arm-none-eabi/lib/thumb/v7-m/nofp/crt0.o (__libc_init_array)
/Applications/STM32CubeIDE.app/Contents/Eclipse/plugins/com.st.stm32cube.ide.mcu.externaltools.gnu-tools-for-stm32.9-2020-q2-update.macos64_2.0.0.202105311346/tools/bin/../lib/gcc/arm-none-eabi/9.3.1/../../../../arm-none-eabi/lib/thumb/v7-m/nofp/libc_nano.a(lib_a-memset.o)
                              /Applications/STM32CubeIDE.app/Contents/Eclipse/plugins/com.st.stm32cube.ide.mcu.externaltools.gnu-tools-for-stm32.9-2020-q2-update.macos64_2.0.0.202105311346/tools/bin/../lib/gcc/arm-none-eabi/9.3.1/../../../../arm-none-eabi/lib/thumb/v7-m/nofp/crt0.o (memset)

Allocating common symbols
Common symbol       size              file

fq                  0x1               ./Core/Src/main.o
fw                  0x1               ./Core/Src/main.o

Discarded input sections

 .text          0x0000000000000000        0x0 /Applications/STM32CubeIDE.app/Contents/Eclipse/plugins/com.st.stm32cube.ide.mcu.externaltools.gnu-tools-for-stm32.9-2020-q2-update.macos64_2.0.0.202105311346/tools/bin/../lib/gcc/arm-none-eabi/9.3.1/thumb/v7-m/nofp/crti.o
 .data          0x0000000000000000        0x0 /Applications/STM32CubeIDE.app/Contents/Eclipse/plugins/com.st.stm32cube.ide.mcu.externaltools.gnu-tools-for-stm32.9-2020-q2-update.macos64_2.0.0.202105311346/tools/bin/../lib/gcc/arm-none-eabi/9.3.1/thumb/v7-m/nofp/crti.o
 .bss           0x0000000000000000        0x0 /Applications/STM32CubeIDE.app/Contents/Eclipse/plugins/com.st.stm32cube.ide.mcu.externaltools.gnu-tools-for-stm32.9-2020-q2-update.macos64_2.0.0.202105311346/tools/bin/../lib/gcc/arm-none-eabi/9.3.1/thumb/v7-m/nofp/crti.o
 .data          0x0000000000000000        0x4 /Applications/STM32CubeIDE.app/Contents/Eclipse/plugins/com.st.stm32cube.ide.mcu.externaltools.gnu-tools-for-stm32.9-2020-q2-update.macos64_2.0.0.202105311346/tools/bin/../lib/gcc/arm-none-eabi/9.3.1/thumb/v7-m/nofp/crtbegin.o
 .text          0x0000000000000000       0x7c /Applications/STM32CubeIDE.app/Contents/Eclipse/plugins/com.st.stm32cube.ide.mcu.externaltools.gnu-tools-for-stm32.9-2020-q2-update.macos64_2.0.0.202105311346/tools/bin/../lib/gcc/arm-none-eabi/9.3.1/../../../../arm-none-eabi/lib/thumb/v7-m/nofp/crt0.o
 .data          0x0000000000000000        0x0 /Applications/STM32CubeIDE.app/Contents/Eclipse/plugins/com.st.stm32cube.ide.mcu.externaltools.gnu-tools-for-stm32.9-2020-q2-update.macos64_2.0.0.202105311346/tools/bin/../lib/gcc/arm-none-eabi/9.3.1/../../../../arm-none-eabi/lib/thumb/v7-m/nofp/crt0.o
 .bss           0x0000000000000000        0x0 /Applications/STM32CubeIDE.app/Contents/Eclipse/plugins/com.st.stm32cube.ide.mcu.externaltools.gnu-tools-for-stm32.9-2020-q2-update.macos64_2.0.0.202105311346/tools/bin/../lib/gcc/arm-none-eabi/9.3.1/../../../../arm-none-eabi/lib/thumb/v7-m/nofp/crt0.o
[...]
Memory Configuration

Name             Origin             Length             Attributes
RAM              0x0000000020000000 0x0000000000005000 xrw
FLASH            0x0000000008000000 0x0000000000010000 xr
*default*        0x0000000000000000 0xffffffffffffffff

Linker script and memory map

LOAD /Applications/STM32CubeIDE.app/Contents/Eclipse/plugins/com.st.stm32cube.ide.mcu.externaltools.gnu-tools-for-stm32.9-2020-q2-update.macos64_2.0.0.202105311346/tools/bin/../lib/gcc/arm-none-eabi/9.3.1/thumb/v7-m/nofp/crti.o
LOAD /Applications/STM32CubeIDE.app/Contents/Eclipse/plugins/com.st.stm32cube.ide.mcu.externaltools.gnu-tools-for-stm32.9-2020-q2-update.macos64_2.0.0.202105311346/tools/bin/../lib/gcc/arm-none-eabi/9.3.1/thumb/v7-m/nofp/crtbegin.o
LOAD /Applications/STM32CubeIDE.app/Contents/Eclipse/plugins/com.st.stm32cube.ide.mcu.externaltools.gnu-tools-for-stm32.9-2020-q2-update.macos64_2.0.0.202105311346/tools/bin/../lib/gcc/arm-none-eabi/9.3.1/../../../../arm-none-eabi/lib/thumb/v7-m/nofp/crt0.o
LOAD ./Core/Inc/stm32f10x_it.o
LOAD ./Core/Src/delay.o
LOAD ./Core/Src/main.o
LOAD ./Core/Src/necsend.o
LOAD ./Core/Src/syscalls.o
LOAD ./Core/Src/sysmem.o
LOAD ./Core/Startup/startup_stm32f103c4tx.o
LOAD ./Drivers/CMSIS/Include/system_stm32f10x.o
LOAD ./Drivers/FWlib0/src/stm32f10x_adc.o
LOAD ./Drivers/FWlib0/src/stm32f10x_bkp.o
LOAD ./Drivers/FWlib0/src/stm32f10x_can.o
LOAD ./Drivers/FWlib0/src/stm32f10x_cec.o
LOAD ./Drivers/FWlib0/src/stm32f10x_crc.o
LOAD ./Drivers/FWlib0/src/stm32f10x_dac.o
LOAD ./Drivers/FWlib0/src/stm32f10x_dbgmcu.o
LOAD ./Drivers/FWlib0/src/stm32f10x_dma.o
LOAD ./Drivers/FWlib0/src/stm32f10x_exti.o
LOAD ./Drivers/FWlib0/src/stm32f10x_flash.o
LOAD ./Drivers/FWlib0/src/stm32f10x_fsmc.o
LOAD ./Drivers/FWlib0/src/stm32f10x_gpio.o
LOAD ./Drivers/FWlib0/src/stm32f10x_i2c.o
LOAD ./Drivers/FWlib0/src/stm32f10x_iwdg.o
LOAD ./Drivers/FWlib0/src/stm32f10x_nvic.o
LOAD ./Drivers/FWlib0/src/stm32f10x_pwr.o
LOAD ./Drivers/FWlib0/src/stm32f10x_rcc.o
LOAD ./Drivers/FWlib0/src/stm32f10x_rtc.o
LOAD ./Drivers/FWlib0/src/stm32f10x_sdio.o
LOAD ./Drivers/FWlib0/src/stm32f10x_spi.o
LOAD ./Drivers/FWlib0/src/stm32f10x_tim.o
LOAD ./Drivers/FWlib0/src/stm32f10x_usart.o
LOAD ./Drivers/FWlib0/src/stm32f10x_wwdg.o
START GROUP
END GROUP
START GROUP
LOAD /Applications/STM32CubeIDE.app/Contents/Eclipse/plugins/com.st.stm32cube.ide.mcu.externaltools.gnu-tools-for-stm32.9-2020-q2-update.macos64_2.0.0.202105311346/tools/bin/../lib/gcc/arm-none-eabi/9.3.1/../../../../arm-none-eabi/lib/thumb/v7-m/nofp/libc_nano.a
LOAD /Applications/STM32CubeIDE.app/Contents/Eclipse/plugins/com.st.stm32cube.ide.mcu.externaltools.gnu-tools-for-stm32.9-2020-q2-update.macos64_2.0.0.202105311346/tools/bin/../lib/gcc/arm-none-eabi/9.3.1/../../../../arm-none-eabi/lib/thumb/v7-m/nofp/libm.a
END GROUP
START GROUP
LOAD /Applications/STM32CubeIDE.app/Contents/Eclipse/plugins/com.st.stm32cube.ide.mcu.externaltools.gnu-tools-for-stm32.9-2020-q2-update.macos64_2.0.0.202105311346/tools/bin/../lib/gcc/arm-none-eabi/9.3.1/thumb/v7-m/nofp/libgcc.a
LOAD /Applications/STM32CubeIDE.app/Contents/Eclipse/plugins/com.st.stm32cube.ide.mcu.externaltools.gnu-tools-for-stm32.9-2020-q2-update.macos64_2.0.0.202105311346/tools/bin/../lib/gcc/arm-none-eabi/9.3.1/../../../../arm-none-eabi/lib/thumb/v7-m/nofp/libc_nano.a
END GROUP
START GROUP
LOAD /Applications/STM32CubeIDE.app/Contents/Eclipse/plugins/com.st.stm32cube.ide.mcu.externaltools.gnu-tools-for-stm32.9-2020-q2-update.macos64_2.0.0.202105311346/tools/bin/../lib/gcc/arm-none-eabi/9.3.1/thumb/v7-m/nofp/libgcc.a
LOAD /Applications/STM32CubeIDE.app/Contents/Eclipse/plugins/com.st.stm32cube.ide.mcu.externaltools.gnu-tools-for-stm32.9-2020-q2-update.macos64_2.0.0.202105311346/tools/bin/../lib/gcc/arm-none-eabi/9.3.1/../../../../arm-none-eabi/lib/thumb/v7-m/nofp/libc_nano.a
LOAD /Applications/STM32CubeIDE.app/Contents/Eclipse/plugins/com.st.stm32cube.ide.mcu.externaltools.gnu-tools-for-stm32.9-2020-q2-update.macos64_2.0.0.202105311346/tools/bin/../lib/gcc/arm-none-eabi/9.3.1/../../../../arm-none-eabi/lib/thumb/v7-m/nofp/libnosys.a
END GROUP
START GROUP
LOAD /Applications/STM32CubeIDE.app/Contents/Eclipse/plugins/com.st.stm32cube.ide.mcu.externaltools.gnu-tools-for-stm32.9-2020-q2-update.macos64_2.0.0.202105311346/tools/bin/../lib/gcc/arm-none-eabi/9.3.1/thumb/v7-m/nofp/libgcc.a
LOAD /Applications/STM32CubeIDE.app/Contents/Eclipse/plugins/com.st.stm32cube.ide.mcu.externaltools.gnu-tools-for-stm32.9-2020-q2-update.macos64_2.0.0.202105311346/tools/bin/../lib/gcc/arm-none-eabi/9.3.1/../../../../arm-none-eabi/lib/thumb/v7-m/nofp/libc_nano.a
LOAD /Applications/STM32CubeIDE.app/Contents/Eclipse/plugins/com.st.stm32cube.ide.mcu.externaltools.gnu-tools-for-stm32.9-2020-q2-update.macos64_2.0.0.202105311346/tools/bin/../lib/gcc/arm-none-eabi/9.3.1/../../../../arm-none-eabi/lib/thumb/v7-m/nofp/libnosys.a
END GROUP
LOAD /Applications/STM32CubeIDE.app/Contents/Eclipse/plugins/com.st.stm32cube.ide.mcu.externaltools.gnu-tools-for-stm32.9-2020-q2-update.macos64_2.0.0.202105311346/tools/bin/../lib/gcc/arm-none-eabi/9.3.1/thumb/v7-m/nofp/crtend.o
LOAD /Applications/STM32CubeIDE.app/Contents/Eclipse/plugins/com.st.stm32cube.ide.mcu.externaltools.gnu-tools-for-stm32.9-2020-q2-update.macos64_2.0.0.202105311346/tools/bin/../lib/gcc/arm-none-eabi/9.3.1/thumb/v7-m/nofp/crtn.o
                0x0000000020005000                _estack = (ORIGIN (RAM) + LENGTH (RAM))
                0x0000000000000200                _Min_Heap_Size = 0x200
                0x0000000000000400                _Min_Stack_Size = 0x400

.isr_vector     0x0000000008000000      0x10c
                0x0000000008000000                . = ALIGN (0x4)
 *(.isr_vector)
 .isr_vector    0x0000000008000000      0x10c ./Core/Startup/startup_stm32f103c4tx.o
                0x0000000008000000                g_pfnVectors
                0x000000000800010c                . = ALIGN (0x4)

.text           0x000000000800010c     0x14d8
                0x000000000800010c                . = ALIGN (0x4)
 *(.text)
 .text          0x000000000800010c       0x40 /Applications/STM32CubeIDE.app/Contents/Eclipse/plugins/com.st.stm32cube.ide.mcu.externaltools.gnu-tools-for-stm32.9-2020-q2-update.macos64_2.0.0.202105311346/tools/bin/../lib/gcc/arm-none-eabi/9.3.1/thumb/v7-m/nofp/crtbegin.o
 *(.text*)
 .text.WWDG_IRQHandler
                0x000000000800014c        0xc ./Core/Inc/stm32f10x_it.o
                0x000000000800014c                WWDG_IRQHandler
 .text.PVD_IRQHandler
                0x0000000008000158        0xc ./Core/Inc/stm32f10x_it.o
                0x0000000008000158                PVD_IRQHandler
 .text.TAMPER_IRQHandler
                0x0000000008000164        0xc ./Core/Inc/stm32f10x_it.o
                0x0000000008000164                TAMPER_IRQHandler
 .text.RTC_IRQHandler
                0x0000000008000170        0xc ./Core/Inc/stm32f10x_it.o
                0x0000000008000170                RTC_IRQHandler
 .text.FLASH_IRQHandler
                0x000000000800017c        0xc ./Core/Inc/stm32f10x_it.o
                0x000000000800017c                FLASH_IRQHandler
 .text.RCC_IRQHandler
                0x0000000008000188        0xc ./Core/Inc/stm32f10x_it.o
                0x0000000008000188                RCC_IRQHandler
 .text.EXTI0_IRQHandler
                0x0000000008000194        0xc ./Core/Inc/stm32f10x_it.o
                0x0000000008000194                EXTI0_IRQHandler
 .text.EXTI1_IRQHandler
                0x00000000080001a0        0xc ./Core/Inc/stm32f10x_it.o
                0x00000000080001a0                EXTI1_IRQHandler
 .text.EXTI2_IRQHandler
                0x00000000080001ac        0xc ./Core/Inc/stm32f10x_it.o
                0x00000000080001ac                EXTI2_IRQHandler
 .text.EXTI3_IRQHandler
                0x00000000080001b8        0xc ./Core/Inc/stm32f10x_it.o
                0x00000000080001b8                EXTI3_IRQHandler
 .text.EXTI4_IRQHandler
                0x00000000080001c4        0xc ./Core/Inc/stm32f10x_it.o
                0x00000000080001c4                EXTI4_IRQHandler
 .text.DMA1_Channel1_IRQHandler
                0x00000000080001d0        0xc ./Core/Inc/stm32f10x_it.o
                0x00000000080001d0                DMA1_Channel1_IRQHandler
 .text.DMA1_Channel2_IRQHandler
                0x00000000080001dc        0xc ./Core/Inc/stm32f10x_it.o
                0x00000000080001dc                DMA1_Channel2_IRQHandler
 .text.DMA1_Channel3_IRQHandler
                0x00000000080001e8        0xc ./Core/Inc/stm32f10x_it.o
                0x00000000080001e8                DMA1_Channel3_IRQHandler
 .text.DMA1_Channel4_IRQHandler
                0x00000000080001f4        0xc ./Core/Inc/stm32f10x_it.o
                0x00000000080001f4                DMA1_Channel4_IRQHandler
 .text.DMA1_Channel5_IRQHandler
                0x0000000008000200        0xc ./Core/Inc/stm32f10x_it.o
                0x0000000008000200                DMA1_Channel5_IRQHandler
 .text.DMA1_Channel6_IRQHandler
                0x000000000800020c        0xc ./Core/Inc/stm32f10x_it.o
                0x000000000800020c                DMA1_Channel6_IRQHandler
 .text.DMA1_Channel7_IRQHandler
                0x0000000008000218        0xc ./Core/Inc/stm32f10x_it.o
                0x0000000008000218                DMA1_Channel7_IRQHandler
 .text.ADC1_2_IRQHandler
                0x0000000008000224        0xc ./Core/Inc/stm32f10x_it.o
                0x0000000008000224                ADC1_2_IRQHandler
 .text.EXTI9_5_IRQHandler
                0x0000000008000230        0xc ./Core/Inc/stm32f10x_it.o
                0x0000000008000230                EXTI9_5_IRQHandler
 .text.TIM1_BRK_IRQHandler
                0x000000000800023c        0xc ./Core/Inc/stm32f10x_it.o
                0x000000000800023c                TIM1_BRK_IRQHandler
 .text.TIM1_UP_IRQHandler
                0x0000000008000248        0xc ./Core/Inc/stm32f10x_it.o
                0x0000000008000248                TIM1_UP_IRQHandler
 .text.TIM1_TRG_COM_IRQHandler
                0x0000000008000254        0xc ./Core/Inc/stm32f10x_it.o
                0x0000000008000254                TIM1_TRG_COM_IRQHandler
 .text.TIM1_CC_IRQHandler
                0x0000000008000260        0xc ./Core/Inc/stm32f10x_it.o
                0x0000000008000260                TIM1_CC_IRQHandler
 .text.TIM2_IRQHandler
                0x000000000800026c       0x50 ./Core/Inc/stm32f10x_it.o
                0x000000000800026c                TIM2_IRQHandler
 .text.TIM3_IRQHandler
                0x00000000080002bc        0xc ./Core/Inc/stm32f10x_it.o
                0x00000000080002bc                TIM3_IRQHandler
 .text.I2C1_EV_IRQHandler
                0x00000000080002c8        0xc ./Core/Inc/stm32f10x_it.o
                0x00000000080002c8                I2C1_EV_IRQHandler
 .text.I2C1_ER_IRQHandler
                0x00000000080002d4        0xc ./Core/Inc/stm32f10x_it.o
                0x00000000080002d4                I2C1_ER_IRQHandler
 .text.SPI1_IRQHandler
                0x00000000080002e0        0xc ./Core/Inc/stm32f10x_it.o
                0x00000000080002e0                SPI1_IRQHandler
 .text.USART1_IRQHandler
                0x00000000080002ec        0xc ./Core/Inc/stm32f10x_it.o
                0x00000000080002ec                USART1_IRQHandler
 .text.USART2_IRQHandler
                0x00000000080002f8        0xc ./Core/Inc/stm32f10x_it.o
                0x00000000080002f8                USART2_IRQHandler
 .text.EXTI15_10_IRQHandler
                0x0000000008000304        0xc ./Core/Inc/stm32f10x_it.o
                0x0000000008000304                EXTI15_10_IRQHandler
 .text.USBWakeUp_IRQHandler
                0x0000000008000310        0xc ./Core/Inc/stm32f10x_it.o
                0x0000000008000310                USBWakeUp_IRQHandler
 .text.TIMER_cfg
                0x000000000800031c       0x5a ./Core/Inc/stm32f10x_it.o
                0x000000000800031c                TIMER_cfg
 .text.delay_us
                0x0000000008000376       0x32 ./Core/Src/delay.o
                0x0000000008000376                delay_us
 .text.delay_ms
                0x00000000080003a8       0x26 ./Core/Src/delay.o
                0x00000000080003a8                delay_ms
 .text.RCC_cfg  0x00000000080003ce       0x8a ./Core/Src/main.o
                0x00000000080003ce                RCC_cfg
 .text.NVIC_cfg
                0x0000000008000458       0x2e ./Core/Src/main.o
                0x0000000008000458                NVIC_cfg
 *fill*         0x0000000008000486        0x2 
 .text.GPIO_cfg
                0x0000000008000488       0x70 ./Core/Src/main.o
                0x0000000008000488                GPIO_cfg
 .text.main     0x00000000080004f8       0xb0 ./Core/Src/main.o
                0x00000000080004f8                main
 .text.Star_Submit
                0x00000000080005a8       0x70 ./Core/Src/necsend.o
                0x00000000080005a8                Star_Submit
 .text.Serial_Submit
                0x0000000008000618       0x78 ./Core/Src/necsend.o
                0x0000000008000618                Serial_Submit
 .text.Submit_Code_Zero
                0x0000000008000690       0x38 ./Core/Src/necsend.o
                0x0000000008000690                Submit_Code_Zero
 .text.Submit_Code_One
                0x00000000080006c8       0x38 ./Core/Src/necsend.o
                0x00000000080006c8                Submit_Code_One
 .text.Submit_Data
                0x0000000008000700       0xb2 ./Core/Src/necsend.o
                0x0000000008000700                Submit_Data
 *fill*         0x00000000080007b2        0x2 
 .text.Reset_Handler
                0x00000000080007b4       0x48 ./Core/Startup/startup_stm32f103c4tx.o
                0x00000000080007b4                Reset_Handler
 .text.Default_Handler
                0x00000000080007fc        0x2 ./Core/Startup/startup_stm32f103c4tx.o
                0x00000000080007fc                BusFault_Handler
                0x00000000080007fc                DebugMon_Handler
                0x00000000080007fc                HardFault_Handler
                0x00000000080007fc                SysTick_Handler
                0x00000000080007fc                PendSV_Handler
                0x00000000080007fc                NMI_Handler
                0x00000000080007fc                UsageFault_Handler
                0x00000000080007fc                CAN1_RX1_IRQHandler
                0x00000000080007fc                Default_Handler
                0x00000000080007fc                MemManage_Handler
                0x00000000080007fc                SVC_Handler
                0x00000000080007fc                USB_LP_CAN1_RX0_IRQHandler
                0x00000000080007fc                USB_HP_CAN1_TX_IRQHandler
                0x00000000080007fc                CAN1_SCE_IRQHandler
                0x00000000080007fc                RTC_Alarm_IRQHandler
 *fill*         0x00000000080007fe        0x2 
 .text.SystemInit
                0x0000000008000800       0x68 ./Drivers/CMSIS/Include/system_stm32f10x.o
                0x0000000008000800                SystemInit
 .text.SetSysClock
                0x0000000008000868        0xc ./Drivers/CMSIS/Include/system_stm32f10x.o
 .text.SetSysClockTo72
                0x0000000008000874      0x100 ./Drivers/CMSIS/Include/system_stm32f10x.o
 .text.FLASH_SetLatency
                0x0000000008000974       0x30 ./Drivers/FWlib0/src/stm32f10x_flash.o
                0x0000000008000974                FLASH_SetLatency
 .text.FLASH_PrefetchBufferCmd
                0x00000000080009a4       0x30 ./Drivers/FWlib0/src/stm32f10x_flash.o
                0x00000000080009a4                FLASH_PrefetchBufferCmd
 .text.GPIO_Init
                0x00000000080009d4      0x178 ./Drivers/FWlib0/src/stm32f10x_gpio.o
                0x00000000080009d4                GPIO_Init
 .text.GPIO_ReadOutputDataBit
                0x0000000008000b4c       0x32 ./Drivers/FWlib0/src/stm32f10x_gpio.o
                0x0000000008000b4c                GPIO_ReadOutputDataBit
 .text.GPIO_SetBits
                0x0000000008000b7e       0x1c ./Drivers/FWlib0/src/stm32f10x_gpio.o
                0x0000000008000b7e                GPIO_SetBits
 .text.GPIO_ResetBits
                0x0000000008000b9a       0x1c ./Drivers/FWlib0/src/stm32f10x_gpio.o
                0x0000000008000b9a                GPIO_ResetBits
 .text.GPIO_WriteBit
                0x0000000008000bb6       0x2e ./Drivers/FWlib0/src/stm32f10x_gpio.o
                0x0000000008000bb6                GPIO_WriteBit
 .text.NVIC_PriorityGroupConfig
                0x0000000008000be4       0x24 ./Drivers/FWlib0/src/stm32f10x_nvic.o
                0x0000000008000be4                NVIC_PriorityGroupConfig
 .text.NVIC_Init
                0x0000000008000c08      0x11c ./Drivers/FWlib0/src/stm32f10x_nvic.o
                0x0000000008000c08                NVIC_Init
 .text.RCC_DeInit
                0x0000000008000d24       0x5c ./Drivers/FWlib0/src/stm32f10x_rcc.o
                0x0000000008000d24                RCC_DeInit
 .text.RCC_HSEConfig
                0x0000000008000d80       0x5c ./Drivers/FWlib0/src/stm32f10x_rcc.o
                0x0000000008000d80                RCC_HSEConfig
 .text.RCC_WaitForHSEStartUp
                0x0000000008000ddc       0x50 ./Drivers/FWlib0/src/stm32f10x_rcc.o
                0x0000000008000ddc                RCC_WaitForHSEStartUp
 .text.RCC_PLLConfig
                0x0000000008000e2c       0x3c ./Drivers/FWlib0/src/stm32f10x_rcc.o
                0x0000000008000e2c                RCC_PLLConfig
 .text.RCC_PLLCmd
                0x0000000008000e68       0x20 ./Drivers/FWlib0/src/stm32f10x_rcc.o
                0x0000000008000e68                RCC_PLLCmd
 .text.RCC_SYSCLKConfig
                0x0000000008000e88       0x38 ./Drivers/FWlib0/src/stm32f10x_rcc.o
                0x0000000008000e88                RCC_SYSCLKConfig
 .text.RCC_GetSYSCLKSource
                0x0000000008000ec0       0x1c ./Drivers/FWlib0/src/stm32f10x_rcc.o
                0x0000000008000ec0                RCC_GetSYSCLKSource
 .text.RCC_HCLKConfig
                0x0000000008000edc       0x38 ./Drivers/FWlib0/src/stm32f10x_rcc.o
                0x0000000008000edc                RCC_HCLKConfig
 .text.RCC_PCLK1Config
                0x0000000008000f14       0x38 ./Drivers/FWlib0/src/stm32f10x_rcc.o
                0x0000000008000f14                RCC_PCLK1Config
 .text.RCC_PCLK2Config
                0x0000000008000f4c       0x38 ./Drivers/FWlib0/src/stm32f10x_rcc.o
                0x0000000008000f4c                RCC_PCLK2Config
 .text.RCC_APB2PeriphClockCmd
                0x0000000008000f84       0x3c ./Drivers/FWlib0/src/stm32f10x_rcc.o
                0x0000000008000f84                RCC_APB2PeriphClockCmd
 .text.RCC_APB1PeriphClockCmd
                0x0000000008000fc0       0x3c ./Drivers/FWlib0/src/stm32f10x_rcc.o
                0x0000000008000fc0                RCC_APB1PeriphClockCmd
 .text.RCC_APB2PeriphResetCmd
                0x0000000008000ffc       0x3c ./Drivers/FWlib0/src/stm32f10x_rcc.o
                0x0000000008000ffc                RCC_APB2PeriphResetCmd
 .text.RCC_APB1PeriphResetCmd
                0x0000000008001038       0x3c ./Drivers/FWlib0/src/stm32f10x_rcc.o
                0x0000000008001038                RCC_APB1PeriphResetCmd
 .text.RCC_GetFlagStatus
                0x0000000008001074       0x74 ./Drivers/FWlib0/src/stm32f10x_rcc.o
                0x0000000008001074                RCC_GetFlagStatus
 .text.TIM_DeInit
                0x00000000080010e8      0x22c ./Drivers/FWlib0/src/stm32f10x_tim.o
                0x00000000080010e8                TIM_DeInit
 .text.TIM_TimeBaseInit
                0x0000000008001314       0xf8 ./Drivers/FWlib0/src/stm32f10x_tim.o
                0x0000000008001314                TIM_TimeBaseInit
 .text.TIM_Cmd  0x000000000800140c       0x3e ./Drivers/FWlib0/src/stm32f10x_tim.o
                0x000000000800140c                TIM_Cmd
 .text.TIM_ITConfig
                0x000000000800144a       0x46 ./Drivers/FWlib0/src/stm32f10x_tim.o
                0x000000000800144a                TIM_ITConfig
 .text.TIM_InternalClockConfig
                0x0000000008001490       0x22 ./Drivers/FWlib0/src/stm32f10x_tim.o
                0x0000000008001490                TIM_InternalClockConfig
 .text.TIM_ARRPreloadConfig
                0x00000000080014b2       0x3e ./Drivers/FWlib0/src/stm32f10x_tim.o
                0x00000000080014b2                TIM_ARRPreloadConfig
 .text.TIM_ClearFlag
                0x00000000080014f0       0x20 ./Drivers/FWlib0/src/stm32f10x_tim.o
                0x00000000080014f0                TIM_ClearFlag
 .text.TIM_GetITStatus
                0x0000000008001510       0x52 ./Drivers/FWlib0/src/stm32f10x_tim.o
                0x0000000008001510                TIM_GetITStatus
 .text.TIM_ClearITPendingBit
                0x0000000008001562       0x20 ./Drivers/FWlib0/src/stm32f10x_tim.o
                0x0000000008001562                TIM_ClearITPendingBit
 *fill*         0x0000000008001582        0x2 
 .text.__libc_init_array
                0x0000000008001584       0x48 /Applications/STM32CubeIDE.app/Contents/Eclipse/plugins/com.st.stm32cube.ide.mcu.externaltools.gnu-tools-for-stm32.9-2020-q2-update.macos64_2.0.0.202105311346/tools/bin/../lib/gcc/arm-none-eabi/9.3.1/../../../../arm-none-eabi/lib/thumb/v7-m/nofp/libc_nano.a(lib_a-init.o)
                0x0000000008001584                __libc_init_array
 *(.glue_7)
 .glue_7        0x00000000080015cc        0x0 linker stubs
 *(.glue_7t)
 .glue_7t       0x00000000080015cc        0x0 linker stubs
 *(.eh_frame)
 .eh_frame      0x00000000080015cc        0x0 /Applications/STM32CubeIDE.app/Contents/Eclipse/plugins/com.st.stm32cube.ide.mcu.externaltools.gnu-tools-for-stm32.9-2020-q2-update.macos64_2.0.0.202105311346/tools/bin/../lib/gcc/arm-none-eabi/9.3.1/thumb/v7-m/nofp/crtbegin.o
 *(.init)
 .init          0x00000000080015cc        0x4 /Applications/STM32CubeIDE.app/Contents/Eclipse/plugins/com.st.stm32cube.ide.mcu.externaltools.gnu-tools-for-stm32.9-2020-q2-update.macos64_2.0.0.202105311346/tools/bin/../lib/gcc/arm-none-eabi/9.3.1/thumb/v7-m/nofp/crti.o
                0x00000000080015cc                _init
 .init          0x00000000080015d0        0x8 /Applications/STM32CubeIDE.app/Contents/Eclipse/plugins/com.st.stm32cube.ide.mcu.externaltools.gnu-tools-for-stm32.9-2020-q2-update.macos64_2.0.0.202105311346/tools/bin/../lib/gcc/arm-none-eabi/9.3.1/thumb/v7-m/nofp/crtn.o
 *(.fini)
 .fini          0x00000000080015d8        0x4 /Applications/STM32CubeIDE.app/Contents/Eclipse/plugins/com.st.stm32cube.ide.mcu.externaltools.gnu-tools-for-stm32.9-2020-q2-update.macos64_2.0.0.202105311346/tools/bin/../lib/gcc/arm-none-eabi/9.3.1/thumb/v7-m/nofp/crti.o
                0x00000000080015d8                _fini
 .fini          0x00000000080015dc        0x8 /Applications/STM32CubeIDE.app/Contents/Eclipse/plugins/com.st.stm32cube.ide.mcu.externaltools.gnu-tools-for-stm32.9-2020-q2-update.macos64_2.0.0.202105311346/tools/bin/../lib/gcc/arm-none-eabi/9.3.1/thumb/v7-m/nofp/crtn.o
                0x00000000080015e4                . = ALIGN (0x4)
                0x00000000080015e4                _etext = .

.vfp11_veneer   0x00000000080015e4        0x0
 .vfp11_veneer  0x00000000080015e4        0x0 linker stubs

.v4_bx          0x00000000080015e4        0x0
 .v4_bx         0x00000000080015e4        0x0 linker stubs

.iplt           0x00000000080015e4        0x0
 .iplt          0x00000000080015e4        0x0 /Applications/STM32CubeIDE.app/Contents/Eclipse/plugins/com.st.stm32cube.ide.mcu.externaltools.gnu-tools-for-stm32.9-2020-q2-update.macos64_2.0.0.202105311346/tools/bin/../lib/gcc/arm-none-eabi/9.3.1/thumb/v7-m/nofp/crtbegin.o

.rel.dyn        0x00000000080015e4        0x0
 .rel.iplt      0x00000000080015e4        0x0 /Applications/STM32CubeIDE.app/Contents/Eclipse/plugins/com.st.stm32cube.ide.mcu.externaltools.gnu-tools-for-stm32.9-2020-q2-update.macos64_2.0.0.202105311346/tools/bin/../lib/gcc/arm-none-eabi/9.3.1/thumb/v7-m/nofp/crtbegin.o

.rodata         0x00000000080015e4        0x0
                0x00000000080015e4                . = ALIGN (0x4)
 *(.rodata)
 *(.rodata*)
                0x00000000080015e4                . = ALIGN (0x4)

.ARM.extab      0x00000000080015e4        0x0
                0x00000000080015e4                . = ALIGN (0x4)
 *(.ARM.extab* .gnu.linkonce.armextab.*)
                0x00000000080015e4                . = ALIGN (0x4)

.ARM            0x00000000080015e4        0x0
                0x00000000080015e4                . = ALIGN (0x4)
                0x00000000080015e4                __exidx_start = .
 *(.ARM.exidx*)
                0x00000000080015e4                __exidx_end = .
                0x00000000080015e4                . = ALIGN (0x4)

.preinit_array  0x00000000080015e4        0x0
                0x00000000080015e4                . = ALIGN (0x4)
                0x00000000080015e4                PROVIDE (__preinit_array_start = .)
 *(.preinit_array*)
                0x00000000080015e4                PROVIDE (__preinit_array_end = .)
                0x00000000080015e4                . = ALIGN (0x4)

.init_array     0x00000000080015e4        0x4
                0x00000000080015e4                . = ALIGN (0x4)
                0x00000000080015e4                PROVIDE (__init_array_start = .)
 *(SORT_BY_NAME(.init_array.*))
 *(.init_array*)
 .init_array    0x00000000080015e4        0x4 /Applications/STM32CubeIDE.app/Contents/Eclipse/plugins/com.st.stm32cube.ide.mcu.externaltools.gnu-tools-for-stm32.9-2020-q2-update.macos64_2.0.0.202105311346/tools/bin/../lib/gcc/arm-none-eabi/9.3.1/thumb/v7-m/nofp/crtbegin.o
                0x00000000080015e8                PROVIDE (__init_array_end = .)
                0x00000000080015e8                . = ALIGN (0x4)

.fini_array     0x00000000080015e8        0x4
                0x00000000080015e8                . = ALIGN (0x4)
                [!provide]                        PROVIDE (__fini_array_start = .)
 *(SORT_BY_NAME(.fini_array.*))
 *(.fini_array*)
 .fini_array    0x00000000080015e8        0x4 /Applications/STM32CubeIDE.app/Contents/Eclipse/plugins/com.st.stm32cube.ide.mcu.externaltools.gnu-tools-for-stm32.9-2020-q2-update.macos64_2.0.0.202105311346/tools/bin/../lib/gcc/arm-none-eabi/9.3.1/thumb/v7-m/nofp/crtbegin.o
                [!provide]                        PROVIDE (__fini_array_end = .)
                0x00000000080015ec                . = ALIGN (0x4)
                0x00000000080015ec                _sidata = LOADADDR (.data)

.data           0x0000000020000000        0x8 load address 0x00000000080015ec
                0x0000000020000000                . = ALIGN (0x4)
                0x0000000020000000                _sdata = .
 *(.data)
 *(.data*)
 .data.fa       0x0000000020000000        0x4 ./Core/Src/main.o
                0x0000000020000000                fa
 .data.fb       0x0000000020000004        0x4 ./Core/Src/main.o
                0x0000000020000004                fb
 *(.RamFunc)
 *(.RamFunc*)
                0x0000000020000008                . = ALIGN (0x4)
                0x0000000020000008                _edata = .

.igot.plt       0x0000000020000008        0x0 load address 0x00000000080015f4
 .igot.plt      0x0000000020000008        0x0 /Applications/STM32CubeIDE.app/Contents/Eclipse/plugins/com.st.stm32cube.ide.mcu.externaltools.gnu-tools-for-stm32.9-2020-q2-update.macos64_2.0.0.202105311346/tools/bin/../lib/gcc/arm-none-eabi/9.3.1/thumb/v7-m/nofp/crtbegin.o
                0x0000000020000008                . = ALIGN (0x4)

.bss            0x0000000020000008       0x1c load address 0x00000000080015f4
                0x0000000020000008                _sbss = .
                0x0000000020000008                __bss_start__ = _sbss
 *(.bss)
 .bss           0x0000000020000008       0x1c /Applications/STM32CubeIDE.app/Contents/Eclipse/plugins/com.st.stm32cube.ide.mcu.externaltools.gnu-tools-for-stm32.9-2020-q2-update.macos64_2.0.0.202105311346/tools/bin/../lib/gcc/arm-none-eabi/9.3.1/thumb/v7-m/nofp/crtbegin.o
 *(.bss*)
 *(COMMON)
                0x0000000020000024                . = ALIGN (0x4)
                0x0000000020000024                _ebss = .
                0x0000000020000024                __bss_end__ = _ebss

._user_heap_stack
                0x0000000020000024      0x604 load address 0x00000000080015f4
                0x0000000020000028                . = ALIGN (0x8)
 *fill*         0x0000000020000024        0x4 
                [!provide]                        PROVIDE (end = .)
                0x0000000020000028                PROVIDE (_end = .)
                0x0000000020000228                . = (. + _Min_Heap_Size)
 *fill*         0x0000000020000028      0x200 
                0x0000000020000628                . = (. + _Min_Stack_Size)
 *fill*         0x0000000020000228      0x400 
                0x0000000020000628                . = ALIGN (0x8)

/DISCARD/
 libc.a(*)
 libm.a(*)
 libgcc.a(*)

.ARM.attributes
                0x0000000000000000       0x29
 *(.ARM.attributes)
 .ARM.attributes
                0x0000000000000000       0x1d /Applications/STM32CubeIDE.app/Contents/Eclipse/plugins/com.st.stm32cube.ide.mcu.externaltools.gnu-tools-for-stm32.9-2020-q2-update.macos64_2.0.0.202105311346/tools/bin/../lib/gcc/arm-none-eabi/9.3.1/thumb/v7-m/nofp/crti.o
 .ARM.attributes
                0x000000000000001d       0x2d /Applications/STM32CubeIDE.app/Contents/Eclipse/plugins/com.st.stm32cube.ide.mcu.externaltools.gnu-tools-for-stm32.9-2020-q2-update.macos64_2.0.0.202105311346/tools/bin/../lib/gcc/arm-none-eabi/9.3.1/thumb/v7-m/nofp/crtbegin.o
 .ARM.attributes
                0x000000000000004a       0x2d ./Core/Inc/stm32f10x_it.o
 .ARM.attributes
                0x0000000000000077       0x2d ./Core/Src/delay.o
 .ARM.attributes
                0x00000000000000a4       0x2d ./Core/Src/main.o
 .ARM.attributes
                0x00000000000000d1       0x2d ./Core/Src/necsend.o
 .ARM.attributes
                0x00000000000000fe       0x21 ./Core/Startup/startup_stm32f103c4tx.o
 .ARM.attributes
                0x000000000000011f       0x2d ./Drivers/CMSIS/Include/system_stm32f10x.o
 .ARM.attributes
                0x000000000000014c       0x2d ./Drivers/FWlib0/src/stm32f10x_flash.o
 .ARM.attributes
                0x0000000000000179       0x2d ./Drivers/FWlib0/src/stm32f10x_gpio.o
 .ARM.attributes
                0x00000000000001a6       0x2d ./Drivers/FWlib0/src/stm32f10x_nvic.o
 .ARM.attributes
                0x00000000000001d3       0x2d ./Drivers/FWlib0/src/stm32f10x_rcc.o
 .ARM.attributes
                0x0000000000000200       0x2d ./Drivers/FWlib0/src/stm32f10x_tim.o
 .ARM.attributes
                0x000000000000022d       0x2d /Applications/STM32CubeIDE.app/Contents/Eclipse/plugins/com.st.stm32cube.ide.mcu.externaltools.gnu-tools-for-stm32.9-2020-q2-update.macos64_2.0.0.202105311346/tools/bin/../lib/gcc/arm-none-eabi/9.3.1/../../../../arm-none-eabi/lib/thumb/v7-m/nofp/libc_nano.a(lib_a-init.o)
 .ARM.attributes
                0x000000000000025a       0x1d /Applications/STM32CubeIDE.app/Contents/Eclipse/plugins/com.st.stm32cube.ide.mcu.externaltools.gnu-tools-for-stm32.9-2020-q2-update.macos64_2.0.0.202105311346/tools/bin/../lib/gcc/arm-none-eabi/9.3.1/thumb/v7-m/nofp/crtn.o
OUTPUT(20220203WA_STM32F103C8.elf elf32-littlearm)
LOAD linker stubs
LOAD /Applications/STM32CubeIDE.app/Contents/Eclipse/plugins/com.st.stm32cube.ide.mcu.externaltools.gnu-tools-for-stm32.9-2020-q2-update.macos64_2.0.0.202105311346/tools/bin/../lib/gcc/arm-none-eabi/9.3.1/../../../../arm-none-eabi/lib/thumb/v7-m/nofp/libc.a
LOAD /Applications/STM32CubeIDE.app/Contents/Eclipse/plugins/com.st.stm32cube.ide.mcu.externaltools.gnu-tools-for-stm32.9-2020-q2-update.macos64_2.0.0.202105311346/tools/bin/../lib/gcc/arm-none-eabi/9.3.1/../../../../arm-none-eabi/lib/thumb/v7-m/nofp/libm.a
LOAD /Applications/STM32CubeIDE.app/Contents/Eclipse/plugins/com.st.stm32cube.ide.mcu.externaltools.gnu-tools-for-stm32.9-2020-q2-update.macos64_2.0.0.202105311346/tools/bin/../lib/gcc/arm-none-eabi/9.3.1/thumb/v7-m/nofp/libgcc.a

.debug_info     0x0000000000000000     0x5492
 .debug_info    0x0000000000000000      0x99d ./Core/Inc/stm32f10x_it.o
 .debug_info    0x000000000000099d      0x140 ./Core/Src/delay.o
 .debug_info    0x0000000000000add      0x436 ./Core/Src/main.o
 .debug_info    0x0000000000000f13      0x4e9 ./Core/Src/necsend.o
 .debug_info    0x00000000000013fc       0x22 ./Core/Startup/startup_stm32f103c4tx.o
 .debug_info    0x000000000000141e      0x4e4 ./Drivers/CMSIS/Include/system_stm32f10x.o
 .debug_info    0x0000000000001902      0x1d1 ./Drivers/FWlib0/src/stm32f10x_flash.o
 .debug_info    0x0000000000001ad3      0x768 ./Drivers/FWlib0/src/stm32f10x_gpio.o
 .debug_info    0x000000000000223b      0xb0e ./Drivers/FWlib0/src/stm32f10x_nvic.o
 .debug_info    0x0000000000002d49      0x92d ./Drivers/FWlib0/src/stm32f10x_rcc.o
 .debug_info    0x0000000000003676     0x1e1c ./Drivers/FWlib0/src/stm32f10x_tim.o

.debug_abbrev   0x0000000000000000     0x1082
 .debug_abbrev  0x0000000000000000      0x15e ./Core/Inc/stm32f10x_it.o
 .debug_abbrev  0x000000000000015e       0xd0 ./Core/Src/delay.o
 .debug_abbrev  0x000000000000022e      0x1c4 ./Core/Src/main.o
 .debug_abbrev  0x00000000000003f2      0x146 ./Core/Src/necsend.o
 .debug_abbrev  0x0000000000000538       0x12 ./Core/Startup/startup_stm32f103c4tx.o
 .debug_abbrev  0x000000000000054a      0x193 ./Drivers/CMSIS/Include/system_stm32f10x.o
 .debug_abbrev  0x00000000000006dd       0xff ./Drivers/FWlib0/src/stm32f10x_flash.o
 .debug_abbrev  0x00000000000007dc      0x212 ./Drivers/FWlib0/src/stm32f10x_gpio.o
 .debug_abbrev  0x00000000000009ee      0x2a6 ./Drivers/FWlib0/src/stm32f10x_nvic.o
 .debug_abbrev  0x0000000000000c94      0x1fc ./Drivers/FWlib0/src/stm32f10x_rcc.o
 .debug_abbrev  0x0000000000000e90      0x1f2 ./Drivers/FWlib0/src/stm32f10x_tim.o

.debug_aranges  0x0000000000000000      0x940
 .debug_aranges
                0x0000000000000000      0x248 ./Core/Inc/stm32f10x_it.o
 .debug_aranges
                0x0000000000000248       0x28 ./Core/Src/delay.o
 .debug_aranges
                0x0000000000000270       0x48 ./Core/Src/main.o
 .debug_aranges
                0x00000000000002b8       0x40 ./Core/Src/necsend.o
 .debug_aranges
                0x00000000000002f8       0x28 ./Core/Startup/startup_stm32f103c4tx.o
 .debug_aranges
                0x0000000000000320       0x38 ./Drivers/CMSIS/Include/system_stm32f10x.o
 .debug_aranges
                0x0000000000000358       0x30 ./Drivers/FWlib0/src/stm32f10x_flash.o
 .debug_aranges
                0x0000000000000388       0xa8 ./Drivers/FWlib0/src/stm32f10x_gpio.o
 .debug_aranges
                0x0000000000000430      0x108 ./Drivers/FWlib0/src/stm32f10x_nvic.o
 .debug_aranges
                0x0000000000000538      0x118 ./Drivers/FWlib0/src/stm32f10x_rcc.o
 .debug_aranges
                0x0000000000000650      0x2f0 ./Drivers/FWlib0/src/stm32f10x_tim.o

.debug_ranges   0x0000000000000000      0x898
 .debug_ranges  0x0000000000000000      0x238 ./Core/Inc/stm32f10x_it.o
 .debug_ranges  0x0000000000000238       0x18 ./Core/Src/delay.o
 .debug_ranges  0x0000000000000250       0x38 ./Core/Src/main.o
 .debug_ranges  0x0000000000000288       0x30 ./Core/Src/necsend.o
 .debug_ranges  0x00000000000002b8       0x20 ./Core/Startup/startup_stm32f103c4tx.o
 .debug_ranges  0x00000000000002d8       0x28 ./Drivers/CMSIS/Include/system_stm32f10x.o
 .debug_ranges  0x0000000000000300       0x20 ./Drivers/FWlib0/src/stm32f10x_flash.o
 .debug_ranges  0x0000000000000320       0x98 ./Drivers/FWlib0/src/stm32f10x_gpio.o
 .debug_ranges  0x00000000000003b8       0xf8 ./Drivers/FWlib0/src/stm32f10x_nvic.o
 .debug_ranges  0x00000000000004b0      0x108 ./Drivers/FWlib0/src/stm32f10x_rcc.o
 .debug_ranges  0x00000000000005b8      0x2e0 ./Drivers/FWlib0/src/stm32f10x_tim.o

.debug_macro    0x0000000000000000     0xc539
 .debug_macro   0x0000000000000000       0xc9 ./Core/Inc/stm32f10x_it.o
 .debug_macro   0x00000000000000c9      0xa96 ./Core/Inc/stm32f10x_it.o
 .debug_macro   0x0000000000000b5f       0x5c ./Core/Inc/stm32f10x_it.o
 .debug_macro   0x0000000000000bbb       0x22 ./Core/Inc/stm32f10x_it.o
 .debug_macro   0x0000000000000bdd       0x8e ./Core/Inc/stm32f10x_it.o
 .debug_macro   0x0000000000000c6b       0x51 ./Core/Inc/stm32f10x_it.o
 .debug_macro   0x0000000000000cbc      0x103 ./Core/Inc/stm32f10x_it.o
 .debug_macro   0x0000000000000dbf       0x6a ./Core/Inc/stm32f10x_it.o
 .debug_macro   0x0000000000000e29      0x1df ./Core/Inc/stm32f10x_it.o
 .debug_macro   0x0000000000001008       0x1c ./Core/Inc/stm32f10x_it.o
 .debug_macro   0x0000000000001024       0x22 ./Core/Inc/stm32f10x_it.o
 .debug_macro   0x0000000000001046       0xc3 ./Core/Inc/stm32f10x_it.o
 .debug_macro   0x0000000000001109      0xd15 ./Core/Inc/stm32f10x_it.o
 .debug_macro   0x0000000000001e1e     0x7df6 ./Core/Inc/stm32f10x_it.o
 .debug_macro   0x0000000000009c14      0x711 ./Core/Inc/stm32f10x_it.o
 .debug_macro   0x000000000000a325      0x2ac ./Core/Inc/stm32f10x_it.o
 .debug_macro   0x000000000000a5d1       0xb7 ./Core/Src/delay.o
 .debug_macro   0x000000000000a688       0xff ./Core/Src/main.o
 .debug_macro   0x000000000000a787      0x3e2 ./Core/Src/main.o
 .debug_macro   0x000000000000ab69       0x46 ./Core/Src/main.o
 .debug_macro   0x000000000000abaf      0x266 ./Core/Src/main.o
 .debug_macro   0x000000000000ae15       0xe5 ./Core/Src/necsend.o
 .debug_macro   0x000000000000aefa      0x70b ./Core/Src/necsend.o
 .debug_macro   0x000000000000b605       0xba ./Drivers/CMSIS/Include/system_stm32f10x.o
 .debug_macro   0x000000000000b6bf       0xce ./Drivers/FWlib0/src/stm32f10x_flash.o
 .debug_macro   0x000000000000b78d       0x40 ./Drivers/FWlib0/src/stm32f10x_flash.o
 .debug_macro   0x000000000000b7cd      0x113 ./Drivers/FWlib0/src/stm32f10x_gpio.o
 .debug_macro   0x000000000000b8e0      0x2a6 ./Drivers/FWlib0/src/stm32f10x_gpio.o
 .debug_macro   0x000000000000bb86       0xc2 ./Drivers/FWlib0/src/stm32f10x_nvic.o
 .debug_macro   0x000000000000bc48      0x260 ./Drivers/FWlib0/src/stm32f10x_nvic.o
 .debug_macro   0x000000000000bea8      0x1d8 ./Drivers/FWlib0/src/stm32f10x_rcc.o
 .debug_macro   0x000000000000c080      0x3dc ./Drivers/FWlib0/src/stm32f10x_rcc.o
 .debug_macro   0x000000000000c45c       0xdd ./Drivers/FWlib0/src/stm32f10x_tim.o

.debug_line     0x0000000000000000     0x5b6b
 .debug_line    0x0000000000000000      0xa9c ./Core/Inc/stm32f10x_it.o
 .debug_line    0x0000000000000a9c      0x4cf ./Core/Src/delay.o
 .debug_line    0x0000000000000f6b      0x6fa ./Core/Src/main.o
 .debug_line    0x0000000000001665      0x667 ./Core/Src/necsend.o
 .debug_line    0x0000000000001ccc       0x87 ./Core/Startup/startup_stm32f103c4tx.o
 .debug_line    0x0000000000001d53      0x5ae ./Drivers/CMSIS/Include/system_stm32f10x.o
 .debug_line    0x0000000000002301      0x553 ./Drivers/FWlib0/src/stm32f10x_flash.o
 .debug_line    0x0000000000002854      0x900 ./Drivers/FWlib0/src/stm32f10x_gpio.o
 .debug_line    0x0000000000003154      0xa83 ./Drivers/FWlib0/src/stm32f10x_nvic.o
 .debug_line    0x0000000000003bd7      0xa88 ./Drivers/FWlib0/src/stm32f10x_rcc.o
 .debug_line    0x000000000000465f     0x150c ./Drivers/FWlib0/src/stm32f10x_tim.o

.debug_str      0x0000000000000000    0x413fe
 .debug_str     0x0000000000000000    0x3b236 ./Core/Inc/stm32f10x_it.o
                                      0x3b3b9 (size before relaxing)
 .debug_str     0x000000000003b236       0x32 ./Core/Src/delay.o
                                      0x3478d (size before relaxing)
 .debug_str     0x000000000003b268     0x3f59 ./Core/Src/main.o
                                      0x3a3df (size before relaxing)
 .debug_str     0x000000000003f1c1       0xa3 ./Core/Src/necsend.o
                                      0x3aec3 (size before relaxing)
 .debug_str     0x000000000003f264       0x36 ./Core/Startup/startup_stm32f103c4tx.o
                                         0x91 (size before relaxing)
 .debug_str     0x000000000003f29a      0x174 ./Drivers/CMSIS/Include/system_stm32f10x.o
                                      0x3490c (size before relaxing)
 .debug_str     0x000000000003f40e      0x10a ./Drivers/FWlib0/src/stm32f10x_flash.o
                                      0x34b2f (size before relaxing)
 .debug_str     0x000000000003f518      0x48d ./Drivers/FWlib0/src/stm32f10x_gpio.o
                                      0x388da (size before relaxing)
 .debug_str     0x000000000003f9a5      0x4bb ./Drivers/FWlib0/src/stm32f10x_nvic.o
                                      0x368e8 (size before relaxing)
 .debug_str     0x000000000003fe60      0xad9 ./Drivers/FWlib0/src/stm32f10x_rcc.o
                                      0x371fa (size before relaxing)
 .debug_str     0x0000000000040939      0xac5 ./Drivers/FWlib0/src/stm32f10x_tim.o
                                      0x3bb83 (size before relaxing)

.comment        0x0000000000000000       0x53
 .comment       0x0000000000000000       0x53 ./Core/Inc/stm32f10x_it.o
                                         0x54 (size before relaxing)
 .comment       0x0000000000000053       0x54 ./Core/Src/delay.o
 .comment       0x0000000000000053       0x54 ./Core/Src/main.o
 .comment       0x0000000000000053       0x54 ./Core/Src/necsend.o
 .comment       0x0000000000000053       0x54 ./Drivers/CMSIS/Include/system_stm32f10x.o
 .comment       0x0000000000000053       0x54 ./Drivers/FWlib0/src/stm32f10x_flash.o
 .comment       0x0000000000000053       0x54 ./Drivers/FWlib0/src/stm32f10x_gpio.o
 .comment       0x0000000000000053       0x54 ./Drivers/FWlib0/src/stm32f10x_nvic.o
 .comment       0x0000000000000053       0x54 ./Drivers/FWlib0/src/stm32f10x_rcc.o
 .comment       0x0000000000000053       0x54 ./Drivers/FWlib0/src/stm32f10x_tim.o

.debug_frame    0x0000000000000000     0x2628
 .debug_frame   0x0000000000000000      0x8b8 ./Core/Inc/stm32f10x_it.o
 .debug_frame   0x00000000000008b8       0x5c ./Core/Src/delay.o
 .debug_frame   0x0000000000000914       0xcc ./Core/Src/main.o
 .debug_frame   0x00000000000009e0       0xb4 ./Core/Src/necsend.o
 .debug_frame   0x0000000000000a94       0x98 ./Drivers/CMSIS/Include/system_stm32f10x.o
 .debug_frame   0x0000000000000b2c       0x88 ./Drivers/FWlib0/src/stm32f10x_flash.o
 .debug_frame   0x0000000000000bb4      0x2d0 ./Drivers/FWlib0/src/stm32f10x_gpio.o
 .debug_frame   0x0000000000000e84      0x458 ./Drivers/FWlib0/src/stm32f10x_nvic.o
 .debug_frame   0x00000000000012dc      0x4f4 ./Drivers/FWlib0/src/stm32f10x_rcc.o
 .debug_frame   0x00000000000017d0      0xe2c ./Drivers/FWlib0/src/stm32f10x_tim.o
 .debug_frame   0x00000000000025fc       0x2c /Applications/STM32CubeIDE.app/Contents/Eclipse/plugins/com.st.stm32cube.ide.mcu.externaltools.gnu-tools-for-stm32.9-2020-q2-update.macos64_2.0.0.202105311346/tools/bin/../lib/gcc/arm-none-eabi/9.3.1/../../../../arm-none-eabi/lib/thumb/v7-m/nofp/libc_nano.a(lib_a-init.o)
