stm32f10x_nvic.c:36:6:NVIC_DeInit	16	static
stm32f10x_nvic.c:59:6:NVIC_SCBDeInit	16	static
stm32f10x_nvic.c:97:6:NVIC_PriorityGroupConfig	16	static
stm32f10x_nvic.c:116:6:NVIC_Init	40	static
stm32f10x_nvic.c:168:6:NVIC_StructInit	16	static
stm32f10x_nvic.c:184:6:NVIC_SETPRIMASK	8	static
stm32f10x_nvic.c:196:6:NVIC_RESETPRIMASK	8	static
stm32f10x_nvic.c:208:6:NVIC_SETFAULTMASK	8	static
stm32f10x_nvic.c:220:6:NVIC_RESETFAULTMASK	8	static
stm32f10x_nvic.c:234:6:NVIC_BASEPRICONFIG	16	static
stm32f10x_nvic.c:249:5:NVIC_GetBASEPRI	8	static
stm32f10x_nvic.c:261:5:NVIC_GetCurrentPendingIRQChannel	4	static
stm32f10x_nvic.c:274:10:NVIC_GetIRQChannelPendingBitStatus	24	static
stm32f10x_nvic.c:302:6:NVIC_SetIRQChannelPendingBit	16	static
stm32f10x_nvic.c:317:6:NVIC_ClearIRQChannelPendingBit	16	static
stm32f10x_nvic.c:333:5:NVIC_GetCurrentActiveHandler	4	static
stm32f10x_nvic.c:346:10:NVIC_GetIRQChannelActiveBitStatus	24	static
stm32f10x_nvic.c:375:5:NVIC_GetCPUID	4	static
stm32f10x_nvic.c:393:6:NVIC_SetVectorTable	16	static
stm32f10x_nvic.c:409:6:NVIC_GenerateSystemReset	4	static
stm32f10x_nvic.c:421:6:NVIC_GenerateCoreReset	4	static
stm32f10x_nvic.c:440:6:NVIC_SystemLPConfig	16	static
stm32f10x_nvic.c:470:6:NVIC_SystemHandlerConfig	24	static
stm32f10x_nvic.c:510:6:NVIC_SystemHandlerPriorityConfig	32	static
stm32f10x_nvic.c:552:10:NVIC_GetSystemHandlerPendingBitStatus	32	static
stm32f10x_nvic.c:590:6:NVIC_SetSystemHandlerPendingBit	24	static
stm32f10x_nvic.c:614:6:NVIC_ClearSystemHandlerPendingBit	24	static
stm32f10x_nvic.c:644:10:NVIC_GetSystemHandlerActiveBitStatus	32	static
stm32f10x_nvic.c:684:5:NVIC_GetFaultHandlerSources	32	static
stm32f10x_nvic.c:730:5:NVIC_GetFaultAddress	24	static
