stm32f10x_it.c:37:6:NMIException	4	static
stm32f10x_it.c:48:6:HardFaultException	4	static
stm32f10x_it.c:63:6:MemManageException	4	static
stm32f10x_it.c:78:6:BusFaultException	4	static
stm32f10x_it.c:93:6:UsageFaultException	4	static
stm32f10x_it.c:108:6:DebugMonitor	4	static
stm32f10x_it.c:119:6:SVCHandler	4	static
stm32f10x_it.c:130:6:PendSVC	4	static
stm32f10x_it.c:141:6:WWDG_IRQHandler	4	static
stm32f10x_it.c:152:6:PVD_IRQHandler	4	static
stm32f10x_it.c:163:6:TAMPER_IRQHandler	4	static
stm32f10x_it.c:174:6:RTC_IRQHandler	4	static
stm32f10x_it.c:185:6:FLASH_IRQHandler	4	static
stm32f10x_it.c:196:6:RCC_IRQHandler	4	static
stm32f10x_it.c:207:6:EXTI0_IRQHandler	4	static
stm32f10x_it.c:218:6:EXTI1_IRQHandler	4	static
stm32f10x_it.c:229:6:EXTI2_IRQHandler	4	static
stm32f10x_it.c:240:6:EXTI3_IRQHandler	4	static
stm32f10x_it.c:251:6:EXTI4_IRQHandler	4	static
stm32f10x_it.c:262:6:DMA1_Channel1_IRQHandler	4	static
stm32f10x_it.c:273:6:DMA1_Channel2_IRQHandler	4	static
stm32f10x_it.c:284:6:DMA1_Channel3_IRQHandler	4	static
stm32f10x_it.c:295:6:DMA1_Channel4_IRQHandler	4	static
stm32f10x_it.c:306:6:DMA1_Channel5_IRQHandler	4	static
stm32f10x_it.c:317:6:DMA1_Channel6_IRQHandler	4	static
stm32f10x_it.c:328:6:DMA1_Channel7_IRQHandler	4	static
stm32f10x_it.c:339:6:ADC1_2_IRQHandler	4	static
stm32f10x_it.c:351:6:USB_HP_CAN_TX_IRQHandler	4	static
stm32f10x_it.c:363:6:USB_LP_CAN_RX0_IRQHandler	4	static
stm32f10x_it.c:374:6:CAN_RX1_IRQHandler	4	static
stm32f10x_it.c:385:6:CAN_SCE_IRQHandler	4	static
stm32f10x_it.c:396:6:EXTI9_5_IRQHandler	4	static
stm32f10x_it.c:407:6:TIM1_BRK_IRQHandler	4	static
stm32f10x_it.c:419:6:TIM1_UP_IRQHandler	4	static
stm32f10x_it.c:431:6:TIM1_TRG_COM_IRQHandler	4	static
stm32f10x_it.c:442:6:TIM1_CC_IRQHandler	4	static
stm32f10x_it.c:474:6:TIM2_IRQHandler	16	static
stm32f10x_it.c:505:6:TIM3_IRQHandler	4	static
stm32f10x_it.c:516:6:TIM4_IRQHandler	4	static
stm32f10x_it.c:527:6:I2C1_EV_IRQHandler	4	static
stm32f10x_it.c:538:6:I2C1_ER_IRQHandler	4	static
stm32f10x_it.c:549:6:I2C2_EV_IRQHandler	4	static
stm32f10x_it.c:560:6:I2C2_ER_IRQHandler	4	static
stm32f10x_it.c:571:6:SPI1_IRQHandler	4	static
stm32f10x_it.c:582:6:SPI2_IRQHandler	4	static
stm32f10x_it.c:593:6:USART1_IRQHandler	4	static
stm32f10x_it.c:604:6:USART2_IRQHandler	4	static
stm32f10x_it.c:615:6:USART3_IRQHandler	4	static
stm32f10x_it.c:626:6:EXTI15_10_IRQHandler	4	static
stm32f10x_it.c:637:6:RTCAlarm_IRQHandler	4	static
stm32f10x_it.c:648:6:USBWakeUp_IRQHandler	4	static
stm32f10x_it.c:659:6:TIM8_BRK_IRQHandler	4	static
stm32f10x_it.c:671:6:TIM8_UP_IRQHandler	4	static
stm32f10x_it.c:683:6:TIM8_TRG_COM_IRQHandler	4	static
stm32f10x_it.c:694:6:TIM8_CC_IRQHandler	4	static
stm32f10x_it.c:705:6:ADC3_IRQHandler	4	static
stm32f10x_it.c:716:6:FSMC_IRQHandler	4	static
stm32f10x_it.c:727:6:SDIO_IRQHandler	4	static
stm32f10x_it.c:738:6:TIM5_IRQHandler	4	static
stm32f10x_it.c:749:6:SPI3_IRQHandler	4	static
stm32f10x_it.c:760:6:UART4_IRQHandler	4	static
stm32f10x_it.c:771:6:UART5_IRQHandler	4	static
stm32f10x_it.c:782:6:TIM6_IRQHandler	4	static
stm32f10x_it.c:793:6:TIM7_IRQHandler	4	static
stm32f10x_it.c:804:6:DMA2_Channel1_IRQHandler	4	static
stm32f10x_it.c:815:6:DMA2_Channel2_IRQHandler	4	static
stm32f10x_it.c:826:6:DMA2_Channel3_IRQHandler	4	static
stm32f10x_it.c:838:6:DMA2_Channel4_5_IRQHandler	4	static
stm32f10x_it.c:843:6:SysTickHandler	4	static
stm32f10x_it.c:846:6:TIMER_cfg	24	static
